// Jest Snapshot v1, https://goo.gl/fbAQLP

exports[`<Region /> should match snapshot 1`] = `
<div>
  <section
    class="o-region"
  >
    <div
      class="o-region__inner"
      data-testid="region-inner"
    />
  </section>
</div>
`;
