// Jest Snapshot v1, https://goo.gl/fbAQLP

exports[`<Label /> should match the snapshot 1`] = `
<div>
  <label
    class="e-label"
    data-testid="e-label"
    for="test"
  >
    <span
      class="e-label__text"
    >
      Hello World
    </span>
  </label>
  ,
  <input
    id="test"
  />
</div>
`;
