// Jest Snapshot v1, https://goo.gl/fbAQLP

exports[`<Grid /> should match snapshot 1`] = `
<div>
  <div
    class="o-grid"
  >
    <div
      class="o-grid__item o-grid__item--1/12 o-grid__item--3/12@sm o-grid__item--6/12@md o-grid__item--9/12@lg o-grid__item--12/12@xl"
    >
      <p>
        Some text
      </p>
    </div>
    <div
      class="o-grid__item o-grid__item--6/12 o-grid__item--9/12@lg o-grid__item--12/12@xl"
    >
      <p>
        Some text
      </p>
    </div>
  </div>
</div>
`;
